attempting to launch hw_server

****** Xilinx hw_server v2020.1
  **** Build date : May 27 2020 at 20:24:38
    ** Copyright 1986-2020 Xilinx, Inc. All Rights Reserved.

INFO: hw_server application started
INFO: Use Ctrl-C to exit hw_server application



****** Xilinx hw_server v2020.1

  **** Build date : May 27 2020 at 20:24:38

    ** Copyright 1986-2020 Xilinx, Inc. All Rights Reserved.



INFO: hw_server application started

INFO: Use Ctrl-C to exit hw_server application




INFO: To connect to this hw_server instance use url: TCP:127.0.0.1:3121



INFO: targets:
  1  PS TAP
     2  PMU
     3  PL
  4  PSU
     5  RPU (Reset)
        6  Cortex-R5 #0 (RPU Reset)
        7  Cortex-R5 #1 (RPU Reset)
     8  APU (L2 Cache Reset)
        9  Cortex-A53 #0 (APU Reset)
       10  Cortex-A53 #1 (APU Reset)
       11  Cortex-A53 #2 (APU Reset)
       12  Cortex-A53 #3 (APU Reset)
INFO: A53 stopped for psu_init
INFO: psu_init...
ERROR: psu_init: Memory read error at 0xFD080030. Cannot flush JTAG server queue. FT_Write failed: io error
