Copyright 1986-2020 Xilinx, Inc. All Rights Reserved.
---------------------------------------------------------------------------------------------------------------------------------
| Tool Version : Vivado v.2020.1 (win64) Build 2902540 Wed May 27 19:54:49 MDT 2020
| Date         : Tue Jun  2 13:04:31 2026
| Host         : DESKTOP-TEFC33U running 64-bit major release  (build 9200)
| Command      : report_utilization -file imgproc_top_ov5640_utilization_placed.rpt -pb imgproc_top_ov5640_utilization_placed.pb
| Design       : imgproc_top_ov5640
| Device       : xczu4evsfvc784-2
| Design State : Fully Placed
---------------------------------------------------------------------------------------------------------------------------------

Utilization Design Information

Table of Contents
-----------------
1. CLB Logic
1.1 Summary of Registers by Type
2. CLB Logic Distribution
3. BLOCKRAM
4. ARITHMETIC
5. I/O
6. CLOCK
7. ADVANCED
8. CONFIGURATION
9. Primitives
10. Black Boxes
11. Instantiated Netlists

1. CLB Logic
------------

+----------------------------+-------+-------+-----------+-------+
|          Site Type         |  Used | Fixed | Available | Util% |
+----------------------------+-------+-------+-----------+-------+
| CLB LUTs                   | 26486 |     0 |     87840 | 30.15 |
|   LUT as Logic             | 11334 |     0 |     87840 | 12.90 |
|   LUT as Memory            | 15152 |     0 |     57600 | 26.31 |
|     LUT as Distributed RAM | 14784 |     0 |           |       |
|     LUT as Shift Register  |   368 |     0 |           |       |
| CLB Registers              | 14697 |     0 |    175680 |  8.37 |
|   Register as Flip Flop    | 14697 |     0 |    175680 |  8.37 |
|   Register as Latch        |     0 |     0 |    175680 |  0.00 |
| CARRY8                     |   253 |     0 |     14640 |  1.73 |
| F7 Muxes                   |  6712 |     0 |     58560 | 11.46 |
| F8 Muxes                   |  2999 |     0 |     29280 | 10.24 |
| F9 Muxes                   |    26 |     0 |     14640 |  0.18 |
+----------------------------+-------+-------+-----------+-------+


1.1 Summary of Registers by Type
--------------------------------

+-------+--------------+-------------+--------------+
| Total | Clock Enable | Synchronous | Asynchronous |
+-------+--------------+-------------+--------------+
| 0     |            _ |           - |            - |
| 0     |            _ |           - |          Set |
| 0     |            _ |           - |        Reset |
| 0     |            _ |         Set |            - |
| 0     |            _ |       Reset |            - |
| 0     |          Yes |           - |            - |
| 107   |          Yes |           - |          Set |
| 485   |          Yes |           - |        Reset |
| 432   |          Yes |         Set |            - |
| 13673 |          Yes |       Reset |            - |
+-------+--------------+-------------+--------------+


2. CLB Logic Distribution
-------------------------

+--------------------------------------------+-------+-------+-----------+-------+
|                  Site Type                 |  Used | Fixed | Available | Util% |
+--------------------------------------------+-------+-------+-----------+-------+
| CLB                                        |  4790 |     0 |     14640 | 32.72 |
|   CLBL                                     |  1913 |     0 |           |       |
|   CLBM                                     |  2877 |     0 |           |       |
| LUT as Logic                               | 11334 |     0 |     87840 | 12.90 |
|   using O5 output only                     |   381 |       |           |       |
|   using O6 output only                     |  8475 |       |           |       |
|   using O5 and O6                          |  2478 |       |           |       |
| LUT as Memory                              | 15152 |     0 |     57600 | 26.31 |
|   LUT as Distributed RAM                   | 14784 |     0 |           |       |
|     using O5 output only                   |     0 |       |           |       |
|     using O6 output only                   | 14319 |       |           |       |
|     using O5 and O6                        |   465 |       |           |       |
|   LUT as Shift Register                    |   368 |     0 |           |       |
|     using O5 output only                   |     0 |       |           |       |
|     using O6 output only                   |   326 |       |           |       |
|     using O5 and O6                        |    42 |       |           |       |
| CLB Registers                              | 14697 |     0 |    175680 |  8.37 |
|   Register driven from within the CLB      |  7457 |       |           |       |
|   Register driven from outside the CLB     |  7240 |       |           |       |
|     LUT in front of the register is unused |  5093 |       |           |       |
|     LUT in front of the register is used   |  2147 |       |           |       |
| Unique Control Sets                        |  1025 |       |     29280 |  3.50 |
+--------------------------------------------+-------+-------+-----------+-------+
* * Note: Available Control Sets calculated as Slices * 2, Review the Control Sets Report for more information regarding control sets.


3. BLOCKRAM
-----------

+-------------------+------+-------+-----------+-------+
|     Site Type     | Used | Fixed | Available | Util% |
+-------------------+------+-------+-----------+-------+
| Block RAM Tile    |   11 |     0 |       128 |  8.59 |
|   RAMB36/FIFO*    |   10 |     0 |       128 |  7.81 |
|     RAMB36E2 only |   10 |       |           |       |
|   RAMB18          |    2 |     0 |       256 |  0.78 |
|     RAMB18E2 only |    2 |       |           |       |
| URAM              |    0 |     0 |        48 |  0.00 |
+-------------------+------+-------+-----------+-------+
* Note: Each Block RAM Tile only has one FIFO logic available and therefore can accommodate only one FIFO36E2 or one FIFO18E2. However, if a FIFO18E2 occupies a Block RAM Tile, that tile can still accommodate a RAMB18E2


4. ARITHMETIC
-------------

+----------------+------+-------+-----------+-------+
|    Site Type   | Used | Fixed | Available | Util% |
+----------------+------+-------+-----------+-------+
| DSPs           |   33 |     0 |       728 |  4.53 |
|   DSP48E2 only |   33 |       |           |       |
+----------------+------+-------+-----------+-------+


5. I/O
------

+------------------+------+-------+-----------+-------+
|     Site Type    | Used | Fixed | Available | Util% |
+------------------+------+-------+-----------+-------+
| Bonded IOB       |   38 |    38 |       252 | 15.08 |
| HPIOB_M          |    3 |     3 |        72 |  4.17 |
|   INPUT          |    3 |       |           |       |
|   OUTPUT         |    0 |       |           |       |
|   BIDIR          |    0 |       |           |       |
| HPIOB_S          |    3 |     3 |        72 |  4.17 |
|   INPUT          |    3 |       |           |       |
|   OUTPUT         |    0 |       |           |       |
|   BIDIR          |    0 |       |           |       |
| HDIOB_M          |   16 |    16 |        48 | 33.33 |
|   INPUT          |    0 |       |           |       |
|   OUTPUT         |   15 |       |           |       |
|   BIDIR          |    1 |       |           |       |
| HDIOB_S          |   16 |    16 |        48 | 33.33 |
|   INPUT          |    0 |       |           |       |
|   OUTPUT         |   15 |       |           |       |
|   BIDIR          |    1 |       |           |       |
| HPIOB_SNGL       |    0 |     0 |        12 |  0.00 |
| HPIOBDIFFINBUF   |    3 |     3 |        96 |  3.13 |
| HPIOBDIFFOUTBUF  |    0 |     0 |        96 |  0.00 |
| HDIOBDIFFINBUF   |    0 |     0 |        48 |  0.00 |
| BITSLICE_CONTROL |    1 |     0 |        32 |  3.13 |
| BITSLICE_RX_TX   |    3 |     3 |       208 |  1.44 |
|   RX_BITSLICE    |    3 |     3 |           |       |
| BITSLICE_TX      |    0 |     0 |        32 |  0.00 |
| RIU_OR           |    0 |     0 |        16 |  0.00 |
+------------------+------+-------+-----------+-------+


6. CLOCK
--------

+----------------------+------+-------+-----------+-------+
|       Site Type      | Used | Fixed | Available | Util% |
+----------------------+------+-------+-----------+-------+
| GLOBAL CLOCK BUFFERs |    6 |     0 |       352 |  1.70 |
|   BUFGCE             |    4 |     0 |       112 |  3.57 |
|   BUFGCE_DIV         |    0 |     0 |        16 |  0.00 |
|   BUFG_GT            |    0 |     0 |        96 |  0.00 |
|   BUFG_PS            |    2 |     0 |        96 |  2.08 |
|   BUFGCTRL*          |    0 |     0 |        32 |  0.00 |
| PLL                  |    1 |     0 |         8 | 12.50 |
| MMCM                 |    2 |     0 |         4 | 50.00 |
+----------------------+------+-------+-----------+-------+
* Note: Each used BUFGCTRL counts as two GLOBAL CLOCK BUFFERs. This table does not include global clocking resources, only buffer cell usage. See the Clock Utilization Report (report_clock_utilization) for detailed accounting of global clocking resource availability.


7. ADVANCED
-----------

+-----------------+------+-------+-----------+--------+
|    Site Type    | Used | Fixed | Available |  Util% |
+-----------------+------+-------+-----------+--------+
| GTHE4_CHANNEL   |    0 |     0 |         4 |   0.00 |
| GTHE4_COMMON    |    0 |     0 |         1 |   0.00 |
| OBUFDS_GTE4     |    0 |     0 |         2 |   0.00 |
| OBUFDS_GTE4_ADV |    0 |     0 |         2 |   0.00 |
| PCIE40E4        |    0 |     0 |         2 |   0.00 |
| PS8             |    1 |     0 |         1 | 100.00 |
| SYSMONE4        |    0 |     0 |         1 |   0.00 |
| VCU             |    0 |     0 |         1 |   0.00 |
+-----------------+------+-------+-----------+--------+


8. CONFIGURATION
----------------

+-------------+------+-------+-----------+-------+
|  Site Type  | Used | Fixed | Available | Util% |
+-------------+------+-------+-----------+-------+
| BSCANE2     |    0 |     0 |         4 |  0.00 |
| DNA_PORTE2  |    0 |     0 |         1 |  0.00 |
| EFUSE_USR   |    0 |     0 |         1 |  0.00 |
| FRAME_ECCE4 |    0 |     0 |         1 |  0.00 |
| ICAPE3      |    0 |     0 |         2 |  0.00 |
| MASTER_JTAG |    0 |     0 |         1 |  0.00 |
| STARTUPE3   |    0 |     0 |         1 |  0.00 |
+-------------+------+-------+-----------+-------+


9. Primitives
-------------

+------------------+-------+---------------------+
|     Ref Name     |  Used | Functional Category |
+------------------+-------+---------------------+
| RAMD64E          | 13994 |                 CLB |
| FDRE             | 13673 |            Register |
| MUXF7            |  6712 |                 CLB |
| LUT6             |  5476 |                 CLB |
| MUXF8            |  2999 |                 CLB |
| LUT4             |  2088 |                 CLB |
| LUT3             |  2004 |                 CLB |
| LUT5             |  1994 |                 CLB |
| LUT2             |  1777 |                 CLB |
| RAMD32           |   784 |                 CLB |
| FDCE             |   485 |            Register |
| LUT1             |   473 |                 CLB |
| FDSE             |   432 |            Register |
| CARRY8           |   253 |                 CLB |
| RAMS64E1         |   208 |                 CLB |
| SRLC32E          |   205 |                 CLB |
| SRL16E           |   205 |                 CLB |
| RAMS32           |   147 |                 CLB |
| RAMS64E          |   116 |                 CLB |
| FDPE             |   107 |            Register |
| DSP48E2          |    33 |          Arithmetic |
| OBUF             |    30 |                 I/O |
| MUXF9            |    26 |                 CLB |
| RAMB36E2         |    10 |           Block Ram |
| IBUFCTRL         |     5 |              Others |
| BUFGCE           |     4 |               Clock |
| RX_BITSLICE      |     3 |                 I/O |
| DPHY_DIFFINBUF   |     3 |              Others |
| RAMB18E2         |     2 |           Block Ram |
| OBUFT            |     2 |                 I/O |
| MMCME4_ADV       |     2 |               Clock |
| INBUF            |     2 |                 I/O |
| BUFG_PS          |     2 |               Clock |
| PS8              |     1 |            Advanced |
| PLLE4_ADV        |     1 |               Clock |
| BITSLICE_CONTROL |     1 |                 I/O |
+------------------+-------+---------------------+


10. Black Boxes
---------------

+----------+------+
| Ref Name | Used |
+----------+------+


11. Instantiated Netlists
-------------------------

+--------------------------------------------+------+
|                  Ref Name                  | Used |
+--------------------------------------------+------+
| zynq_imgproc_bd_zynq_ultra_ps_e_0_0        |    1 |
| zynq_imgproc_bd_rst_ps8_0_150m_0           |    1 |
| zynq_imgproc_bd_rst_pclk_0_0               |    1 |
| zynq_imgproc_bd_mipi_csi2_rx_subsystem_0_0 |    1 |
| zynq_imgproc_bd_clk_wiz_mipi_ref_0         |    1 |
| zynq_imgproc_bd_clk_wiz_0_0                |    1 |
| zynq_imgproc_bd_axi_sc_hp2_0               |    1 |
| zynq_imgproc_bd_axi_sc_hp1_0               |    1 |
| zynq_imgproc_bd_axi_sc_hp0_0               |    1 |
| zynq_imgproc_bd_axi_sc_cfg_0               |    1 |
| zynq_imgproc_bd_axi_iic_0_0                |    1 |
| zynq_imgproc_bd_axi_gpio_0_0               |    1 |
| zynq_imgproc_bd_axi_dma_eth_0              |    1 |
| bd_bf7d_xbar_0                             |    1 |
| bd_bf7d_vfb_0_0                            |    1 |
| bd_bf7d_rx_0                               |    1 |
| bd_bf7d_r_sync_0                           |    1 |
| bd_bf7d_phy_0                              |    1 |
+--------------------------------------------+------+


