Copyright 1986-2020 Xilinx, Inc. All Rights Reserved.
--------------------------------------------------------------------------------------------------------------------------------------------------------------------------------------------
| Tool Version      : Vivado v.2020.1 (win64) Build 2902540 Wed May 27 19:54:49 MDT 2020
| Date              : Tue Jun  2 13:13:25 2026
| Host              : DESKTOP-TEFC33U running 64-bit major release  (build 9200)
| Command           : report_bus_skew -warn_on_violation -file imgproc_top_ov5640_bus_skew_routed.rpt -pb imgproc_top_ov5640_bus_skew_routed.pb -rpx imgproc_top_ov5640_bus_skew_routed.rpx
| Design            : imgproc_top_ov5640
| Device            : xczu4ev-sfvc784
| Speed File        : -2  PRODUCTION 1.27 02-28-2020
| Temperature Grade : I
--------------------------------------------------------------------------------------------------------------------------------------------------------------------------------------------

Bus Skew Report

Table of Contents
-----------------
1. Bus Skew Report Summary
2. Bus Skew Report Per Constraint

1. Bus Skew Report Summary
--------------------------

Id  Position  From                            To                              Corner  Requirement(ns)  Actual(ns)  Slack(ns)
--  --------  ------------------------------  ------------------------------  ------  ---------------  ----------  ---------
1   36        [get_cells [list {u_bd/zynq_imgproc_bd_i/mipi_csi2_rx_subsystem_0/inst/rx/inst/gen_pkt_fifo/pkt_fifo/gnuram_async_fifo.xpm_fifo_base_inst/gen_cdc_pntr.rd_pntr_cdc_inst/src_gray_ff_reg[0]} {u_bd/zynq_imgproc_bd_i/mipi_csi2_rx_subsystem_0/inst/rx/inst/gen_pkt_fifo/pkt_fifo/gnuram_async_fifo.xpm_fifo_base_inst/gen_cdc_pntr.rd_pntr_cdc_inst/src_gray_ff_reg[1]} {u_bd/zynq_imgproc_bd_i/mipi_csi2_rx_subsystem_0/inst/rx/inst/gen_pkt_fifo/pkt_fifo/gnuram_async_fifo.xpm_fifo_base_inst/gen_cdc_pntr.rd_pntr_cdc_inst/src_gray_ff_reg[2]} {u_bd/zynq_imgproc_bd_i/mipi_csi2_rx_subsystem_0/inst/rx/inst/gen_pkt_fifo/pkt_fifo/gnuram_async_fifo.xpm_fifo_base_inst/gen_cdc_pntr.rd_pntr_cdc_inst/src_gray_ff_reg[3]} {u_bd/zynq_imgproc_bd_i/mipi_csi2_rx_subsystem_0/inst/rx/inst/gen_pkt_fifo/pkt_fifo/gnuram_async_fifo.xpm_fifo_base_inst/gen_cdc_pntr.rd_pntr_cdc_inst/src_gray_ff_reg[4]}]]
                                              [get_cells [list {u_bd/zynq_imgproc_bd_i/mipi_csi2_rx_subsystem_0/inst/rx/inst/gen_pkt_fifo/pkt_fifo/gnuram_async_fifo.xpm_fifo_base_inst/gen_cdc_pntr.rd_pntr_cdc_inst/dest_graysync_ff_reg[0][0]} {u_bd/zynq_imgproc_bd_i/mipi_csi2_rx_subsystem_0/inst/rx/inst/gen_pkt_fifo/pkt_fifo/gnuram_async_fifo.xpm_fifo_base_inst/gen_cdc_pntr.rd_pntr_cdc_inst/dest_graysync_ff_reg[0][1]} {u_bd/zynq_imgproc_bd_i/mipi_csi2_rx_subsystem_0/inst/rx/inst/gen_pkt_fifo/pkt_fifo/gnuram_async_fifo.xpm_fifo_base_inst/gen_cdc_pntr.rd_pntr_cdc_inst/dest_graysync_ff_reg[0][2]} {u_bd/zynq_imgproc_bd_i/mipi_csi2_rx_subsystem_0/inst/rx/inst/gen_pkt_fifo/pkt_fifo/gnuram_async_fifo.xpm_fifo_base_inst/gen_cdc_pntr.rd_pntr_cdc_inst/dest_graysync_ff_reg[0][3]} {u_bd/zynq_imgproc_bd_i/mipi_csi2_rx_subsystem_0/inst/rx/inst/gen_pkt_fifo/pkt_fifo/gnuram_async_fifo.xpm_fifo_base_inst/gen_cdc_pntr.rd_pntr_cdc_inst/dest_graysync_ff_reg[0][4]}]]
                                                                              Slow              6.666       0.797      5.869
2   38        [get_cells [list {u_bd/zynq_imgproc_bd_i/mipi_csi2_rx_subsystem_0/inst/rx/inst/gen_pkt_fifo/pkt_fifo/gnuram_async_fifo.xpm_fifo_base_inst/gen_cdc_pntr.wr_pntr_cdc_inst/src_gray_ff_reg[0]} {u_bd/zynq_imgproc_bd_i/mipi_csi2_rx_subsystem_0/inst/rx/inst/gen_pkt_fifo/pkt_fifo/gnuram_async_fifo.xpm_fifo_base_inst/gen_cdc_pntr.wr_pntr_cdc_inst/src_gray_ff_reg[1]} {u_bd/zynq_imgproc_bd_i/mipi_csi2_rx_subsystem_0/inst/rx/inst/gen_pkt_fifo/pkt_fifo/gnuram_async_fifo.xpm_fifo_base_inst/gen_cdc_pntr.wr_pntr_cdc_inst/src_gray_ff_reg[2]} {u_bd/zynq_imgproc_bd_i/mipi_csi2_rx_subsystem_0/inst/rx/inst/gen_pkt_fifo/pkt_fifo/gnuram_async_fifo.xpm_fifo_base_inst/gen_cdc_pntr.wr_pntr_cdc_inst/src_gray_ff_reg[3]} {u_bd/zynq_imgproc_bd_i/mipi_csi2_rx_subsystem_0/inst/rx/inst/gen_pkt_fifo/pkt_fifo/gnuram_async_fifo.xpm_fifo_base_inst/gen_cdc_pntr.wr_pntr_cdc_inst/src_gray_ff_reg[4]}]]
                                              [get_cells [list {u_bd/zynq_imgproc_bd_i/mipi_csi2_rx_subsystem_0/inst/rx/inst/gen_pkt_fifo/pkt_fifo/gnuram_async_fifo.xpm_fifo_base_inst/gen_cdc_pntr.wr_pntr_cdc_inst/dest_graysync_ff_reg[0][0]} {u_bd/zynq_imgproc_bd_i/mipi_csi2_rx_subsystem_0/inst/rx/inst/gen_pkt_fifo/pkt_fifo/gnuram_async_fifo.xpm_fifo_base_inst/gen_cdc_pntr.wr_pntr_cdc_inst/dest_graysync_ff_reg[0][1]} {u_bd/zynq_imgproc_bd_i/mipi_csi2_rx_subsystem_0/inst/rx/inst/gen_pkt_fifo/pkt_fifo/gnuram_async_fifo.xpm_fifo_base_inst/gen_cdc_pntr.wr_pntr_cdc_inst/dest_graysync_ff_reg[0][2]} {u_bd/zynq_imgproc_bd_i/mipi_csi2_rx_subsystem_0/inst/rx/inst/gen_pkt_fifo/pkt_fifo/gnuram_async_fifo.xpm_fifo_base_inst/gen_cdc_pntr.wr_pntr_cdc_inst/dest_graysync_ff_reg[0][3]} {u_bd/zynq_imgproc_bd_i/mipi_csi2_rx_subsystem_0/inst/rx/inst/gen_pkt_fifo/pkt_fifo/gnuram_async_fifo.xpm_fifo_base_inst/gen_cdc_pntr.wr_pntr_cdc_inst/dest_graysync_ff_reg[0][4]}]]
                                                                              Slow              6.666       0.538      6.128


2. Bus Skew Report Per Constraint
---------------------------------

Id: 1
set_bus_skew -from [get_cells [list {u_bd/zynq_imgproc_bd_i/mipi_csi2_rx_subsystem_0/inst/rx/inst/gen_pkt_fifo/pkt_fifo/gnuram_async_fifo.xpm_fifo_base_inst/gen_cdc_pntr.rd_pntr_cdc_inst/src_gray_ff_reg[0]} {u_bd/zynq_imgproc_bd_i/mipi_csi2_rx_subsystem_0/inst/rx/inst/gen_pkt_fifo/pkt_fifo/gnuram_async_fifo.xpm_fifo_base_inst/gen_cdc_pntr.rd_pntr_cdc_inst/src_gray_ff_reg[1]} {u_bd/zynq_imgproc_bd_i/mipi_csi2_rx_subsystem_0/inst/rx/inst/gen_pkt_fifo/pkt_fifo/gnuram_async_fifo.xpm_fifo_base_inst/gen_cdc_pntr.rd_pntr_cdc_inst/src_gray_ff_reg[2]} {u_bd/zynq_imgproc_bd_i/mipi_csi2_rx_subsystem_0/inst/rx/inst/gen_pkt_fifo/pkt_fifo/gnuram_async_fifo.xpm_fifo_base_inst/gen_cdc_pntr.rd_pntr_cdc_inst/src_gray_ff_reg[3]} {u_bd/zynq_imgproc_bd_i/mipi_csi2_rx_subsystem_0/inst/rx/inst/gen_pkt_fifo/pkt_fifo/gnuram_async_fifo.xpm_fifo_base_inst/gen_cdc_pntr.rd_pntr_cdc_inst/src_gray_ff_reg[4]}]] -to [get_cells [list {u_bd/zynq_imgproc_bd_i/mipi_csi2_rx_subsystem_0/inst/rx/inst/gen_pkt_fifo/pkt_fifo/gnuram_async_fifo.xpm_fifo_base_inst/gen_cdc_pntr.rd_pntr_cdc_inst/dest_graysync_ff_reg[0][0]} {u_bd/zynq_imgproc_bd_i/mipi_csi2_rx_subsystem_0/inst/rx/inst/gen_pkt_fifo/pkt_fifo/gnuram_async_fifo.xpm_fifo_base_inst/gen_cdc_pntr.rd_pntr_cdc_inst/dest_graysync_ff_reg[0][1]} {u_bd/zynq_imgproc_bd_i/mipi_csi2_rx_subsystem_0/inst/rx/inst/gen_pkt_fifo/pkt_fifo/gnuram_async_fifo.xpm_fifo_base_inst/gen_cdc_pntr.rd_pntr_cdc_inst/dest_graysync_ff_reg[0][2]} {u_bd/zynq_imgproc_bd_i/mipi_csi2_rx_subsystem_0/inst/rx/inst/gen_pkt_fifo/pkt_fifo/gnuram_async_fifo.xpm_fifo_base_inst/gen_cdc_pntr.rd_pntr_cdc_inst/dest_graysync_ff_reg[0][3]} {u_bd/zynq_imgproc_bd_i/mipi_csi2_rx_subsystem_0/inst/rx/inst/gen_pkt_fifo/pkt_fifo/gnuram_async_fifo.xpm_fifo_base_inst/gen_cdc_pntr.rd_pntr_cdc_inst/dest_graysync_ff_reg[0][4]}]] 6.666
Requirement: 6.666ns
Endpoints: 5

From Clock            To Clock              Endpoint Pin                    Reference Pin                   Corner  Actual(ns)  Slack(ns)
--------------------  --------------------  ------------------------------  ------------------------------  ------  ----------  ---------
clk_pl_0              mipi_phy_if_clk_p_FIFO_WRCLK_OUT
                                            u_bd/zynq_imgproc_bd_i/mipi_csi2_rx_subsystem_0/inst/rx/inst/gen_pkt_fifo/pkt_fifo/gnuram_async_fifo.xpm_fifo_base_inst/gen_cdc_pntr.rd_pntr_cdc_inst/dest_graysync_ff_reg[0][4]/D
                                                                            u_bd/zynq_imgproc_bd_i/mipi_csi2_rx_subsystem_0/inst/rx/inst/gen_pkt_fifo/pkt_fifo/gnuram_async_fifo.xpm_fifo_base_inst/gen_cdc_pntr.rd_pntr_cdc_inst/dest_graysync_ff_reg[0][3]/D
                                                                                                            Slow         0.797      5.869


Slack (MET) :             5.869ns  (requirement - actual skew)
  Endpoint Source:        u_bd/zynq_imgproc_bd_i/mipi_csi2_rx_subsystem_0/inst/rx/inst/gen_pkt_fifo/pkt_fifo/gnuram_async_fifo.xpm_fifo_base_inst/gen_cdc_pntr.rd_pntr_cdc_inst/src_gray_ff_reg[4]/C
                            (rising edge-triggered cell FDRE clocked by clk_pl_0)
  Endpoint Destination:   u_bd/zynq_imgproc_bd_i/mipi_csi2_rx_subsystem_0/inst/rx/inst/gen_pkt_fifo/pkt_fifo/gnuram_async_fifo.xpm_fifo_base_inst/gen_cdc_pntr.rd_pntr_cdc_inst/dest_graysync_ff_reg[0][4]/D
                            (rising edge-triggered cell FDRE clocked by mipi_phy_if_clk_p_FIFO_WRCLK_OUT)
  Reference Source:       u_bd/zynq_imgproc_bd_i/mipi_csi2_rx_subsystem_0/inst/rx/inst/gen_pkt_fifo/pkt_fifo/gnuram_async_fifo.xpm_fifo_base_inst/gen_cdc_pntr.rd_pntr_cdc_inst/src_gray_ff_reg[3]/C
                            (rising edge-triggered cell FDRE clocked by clk_pl_0)
  Reference Destination:  u_bd/zynq_imgproc_bd_i/mipi_csi2_rx_subsystem_0/inst/rx/inst/gen_pkt_fifo/pkt_fifo/gnuram_async_fifo.xpm_fifo_base_inst/gen_cdc_pntr.rd_pntr_cdc_inst/dest_graysync_ff_reg[0][3]/D
                            (rising edge-triggered cell FDRE clocked by mipi_phy_if_clk_p_FIFO_WRCLK_OUT)
  Path Type:              Bus Skew (Max at Slow Process Corner)
  Requirement:            6.666ns
  Endpoint Relative Delay:   -0.748ns
  Reference Relative Delay:  -2.742ns
  Relative CRPR:              1.336ns
  Uncertainty:                0.139ns
  Actual Bus Skew:            0.797ns  (Endpoint Relative Delay - Reference Relative Delay - Relative CRPR + Uncertainty)

Endpoint path:
    Location             Delay type                Incr(ns)  Path(ns)    Netlist Resource(s)
  -------------------------------------------------------------------    -------------------
                         (clock clk_pl_0 rise edge)
                                                      0.000     0.000 r  
    PS8_X0Y0             PS8                          0.000     0.000 r  u_bd/zynq_imgproc_bd_i/zynq_ultra_ps_e_0/inst/PS8_i/PLCLK[0]
                         net (fo=1, routed)           0.171     0.171    u_bd/zynq_imgproc_bd_i/zynq_ultra_ps_e_0/inst/pl_clk_unbuffered[0]
    BUFG_PS_X0Y95        BUFG_PS (Prop_BUFG_PS_I_O)
                                                      0.028     0.199 r  u_bd/zynq_imgproc_bd_i/zynq_ultra_ps_e_0/inst/buffer_pl_clk_0.PL_CLK_0_BUFG/O
    X0Y1 (CLOCK_ROOT)    net (fo=29236, routed)       1.999     2.198    u_bd/zynq_imgproc_bd_i/mipi_csi2_rx_subsystem_0/inst/rx/inst/gen_pkt_fifo/pkt_fifo/gnuram_async_fifo.xpm_fifo_base_inst/gen_cdc_pntr.rd_pntr_cdc_inst/src_clk
    SLICE_X23Y29         FDRE                                         r  u_bd/zynq_imgproc_bd_i/mipi_csi2_rx_subsystem_0/inst/rx/inst/gen_pkt_fifo/pkt_fifo/gnuram_async_fifo.xpm_fifo_base_inst/gen_cdc_pntr.rd_pntr_cdc_inst/src_gray_ff_reg[4]/C
  -------------------------------------------------------------------    -------------------
    SLICE_X23Y29         FDRE (Prop_EFF_SLICEL_C_Q)
                                                      0.079     2.277 r  u_bd/zynq_imgproc_bd_i/mipi_csi2_rx_subsystem_0/inst/rx/inst/gen_pkt_fifo/pkt_fifo/gnuram_async_fifo.xpm_fifo_base_inst/gen_cdc_pntr.rd_pntr_cdc_inst/src_gray_ff_reg[4]/Q
                         net (fo=1, routed)           0.322     2.599    u_bd/zynq_imgproc_bd_i/mipi_csi2_rx_subsystem_0/inst/rx/inst/gen_pkt_fifo/pkt_fifo/gnuram_async_fifo.xpm_fifo_base_inst/gen_cdc_pntr.rd_pntr_cdc_inst/async_path[4]
    SLICE_X23Y29         FDRE                                         r  u_bd/zynq_imgproc_bd_i/mipi_csi2_rx_subsystem_0/inst/rx/inst/gen_pkt_fifo/pkt_fifo/gnuram_async_fifo.xpm_fifo_base_inst/gen_cdc_pntr.rd_pntr_cdc_inst/dest_graysync_ff_reg[0][4]/D
  -------------------------------------------------------------------    -------------------

                         (clock mipi_phy_if_clk_p_FIFO_WRCLK_OUT rise edge)
                                                      0.000     0.000 r  
    W8                                                0.000     0.000 r  mipi_phy_if_clk_p (IN)
                         net (fo=0)                   0.000     0.000    u_bd/zynq_imgproc_bd_i/mipi_csi2_rx_subsystem_0/inst/phy/inst/inst/bd_bf7d_phy_0_rx_support_i/slave_rx.bd_bf7d_phy_0_rx_hssio_i/inst/top_inst/iobuf_top_inst/io_gen[0].ibufds_dphy/I
    HPIOBDIFFINBUF_X0Y48 DPHY_DIFFINBUF (Prop_DPHY_DIFFINBUF_HPIOBDIFFINBUF_I_HSRX_O)
                                                      0.305     0.305 r  u_bd/zynq_imgproc_bd_i/mipi_csi2_rx_subsystem_0/inst/phy/inst/inst/bd_bf7d_phy_0_rx_support_i/slave_rx.bd_bf7d_phy_0_rx_hssio_i/inst/top_inst/iobuf_top_inst/io_gen[0].ibufds_dphy/DIFFINBUF_INST/HSRX_O
                         net (fo=1, routed)           0.040     0.345    u_bd/zynq_imgproc_bd_i/mipi_csi2_rx_subsystem_0/inst/phy/inst/inst/bd_bf7d_phy_0_rx_support_i/slave_rx.bd_bf7d_phy_0_rx_hssio_i/inst/top_inst/iobuf_top_inst/io_gen[0].ibufds_dphy/OUT
    W8                   IBUFCTRL (Prop_IBUFCTRL_HPIOB_M_I_O)
                                                      0.000     0.345 r  u_bd/zynq_imgproc_bd_i/mipi_csi2_rx_subsystem_0/inst/phy/inst/inst/bd_bf7d_phy_0_rx_support_i/slave_rx.bd_bf7d_phy_0_rx_hssio_i/inst/top_inst/iobuf_top_inst/io_gen[0].ibufds_dphy/IBUFCTRL_INST/O
                         net (fo=1, routed)           0.000     0.345    u_bd/zynq_imgproc_bd_i/mipi_csi2_rx_subsystem_0/inst/phy/inst/inst/bd_bf7d_phy_0_rx_support_i/slave_rx.bd_bf7d_phy_0_rx_hssio_i/inst/top_inst/bs_top_inst/u_rx_bs/data_to_bs_out[0]
    BITSLICE_RX_TX_X0Y104
                         RX_BITSLICE (Prop_RX_BITSLICE_BITSLICE_RXTX_RX_DATAIN_RX_BIT_CTRL_OUT[9])
                                                      0.025     0.370 f  u_bd/zynq_imgproc_bd_i/mipi_csi2_rx_subsystem_0/inst/phy/inst/inst/bd_bf7d_phy_0_rx_support_i/slave_rx.bd_bf7d_phy_0_rx_hssio_i/inst/top_inst/bs_top_inst/u_rx_bs/RX_BS[0].rx_bitslice_if_bs/RX_BIT_CTRL_OUT[9]
                         net (fo=1, routed)           0.003     0.373    u_bd/zynq_imgproc_bd_i/mipi_csi2_rx_subsystem_0/inst/phy/inst/inst/bd_bf7d_phy_0_rx_support_i/slave_rx.bd_bf7d_phy_0_rx_hssio_i/inst/top_inst/bs_ctrl_top_inst/rx_bs0_rx_bit_ctrl_out[9]
    BITSLICE_CONTROL_X0Y16
                         BITSLICE_CONTROL (Prop_CONTROL_BITSLICE_CONTROL_RX_BIT_CTRL_IN0[9]_RX_BIT_CTRL_OUT0[20])
                                                      0.254     0.627 r  u_bd/zynq_imgproc_bd_i/mipi_csi2_rx_subsystem_0/inst/phy/inst/inst/bd_bf7d_phy_0_rx_support_i/slave_rx.bd_bf7d_phy_0_rx_hssio_i/inst/top_inst/bs_ctrl_top_inst/BITSLICE_CTRL[0].bs_ctrl_inst/RX_BIT_CTRL_OUT0[20]
                         net (fo=1, routed)           0.006     0.633    u_bd/zynq_imgproc_bd_i/mipi_csi2_rx_subsystem_0/inst/phy/inst/inst/bd_bf7d_phy_0_rx_support_i/slave_rx.bd_bf7d_phy_0_rx_hssio_i/inst/top_inst/bs_top_inst/u_rx_bs/rx_bs0_rx_bit_ctrl_in[20]
    BITSLICE_RX_TX_X0Y104
                         RX_BITSLICE (Prop_RX_BITSLICE_BITSLICE_RXTX_RX_RX_BIT_CTRL_IN[20]_FIFO_WRCLK_OUT)
                                                      0.374     1.007 r  u_bd/zynq_imgproc_bd_i/mipi_csi2_rx_subsystem_0/inst/phy/inst/inst/bd_bf7d_phy_0_rx_support_i/slave_rx.bd_bf7d_phy_0_rx_hssio_i/inst/top_inst/bs_top_inst/u_rx_bs/RX_BS[0].rx_bitslice_if_bs/FIFO_WRCLK_OUT
                         net (fo=1, routed)           1.307     2.314    u_bd/zynq_imgproc_bd_i/mipi_csi2_rx_subsystem_0/inst/phy/inst/inst/bd_bf7d_phy_0_rx_support_i/div4_clk_t
    BUFGCE_X0Y26         BUFGCE (Prop_BUFCE_BUFGCE_I_O)
                                                      0.024     2.338 r  u_bd/zynq_imgproc_bd_i/mipi_csi2_rx_subsystem_0/inst/phy/inst/inst/bd_bf7d_phy_0_rx_support_i/slave_rx.rxbyteclkhs_buf/O
    X1Y1 (CLOCK_ROOT)    net (fo=505, routed)         0.984     3.322    u_bd/zynq_imgproc_bd_i/mipi_csi2_rx_subsystem_0/inst/rx/inst/gen_pkt_fifo/pkt_fifo/gnuram_async_fifo.xpm_fifo_base_inst/gen_cdc_pntr.rd_pntr_cdc_inst/dest_clk
    SLICE_X23Y29         FDRE                                         r  u_bd/zynq_imgproc_bd_i/mipi_csi2_rx_subsystem_0/inst/rx/inst/gen_pkt_fifo/pkt_fifo/gnuram_async_fifo.xpm_fifo_base_inst/gen_cdc_pntr.rd_pntr_cdc_inst/dest_graysync_ff_reg[0][4]/C
                         clock pessimism              0.000     3.322    
    SLICE_X23Y29         FDRE (Setup_DFF2_SLICEL_C_D)
                                                      0.025     3.347    u_bd/zynq_imgproc_bd_i/mipi_csi2_rx_subsystem_0/inst/rx/inst/gen_pkt_fifo/pkt_fifo/gnuram_async_fifo.xpm_fifo_base_inst/gen_cdc_pntr.rd_pntr_cdc_inst/dest_graysync_ff_reg[0][4]
  -------------------------------------------------------------------
                         data arrival                           2.599    
                         clock arrival                          3.347    
  -------------------------------------------------------------------
                         relative delay                        -0.748    

Reference path:
    Location             Delay type                Incr(ns)  Path(ns)    Netlist Resource(s)
  -------------------------------------------------------------------    -------------------
                         (clock clk_pl_0 rise edge)
                                                      0.000     0.000 r  
    PS8_X0Y0             PS8                          0.000     0.000 r  u_bd/zynq_imgproc_bd_i/zynq_ultra_ps_e_0/inst/PS8_i/PLCLK[0]
                         net (fo=1, routed)           0.135     0.135    u_bd/zynq_imgproc_bd_i/zynq_ultra_ps_e_0/inst/pl_clk_unbuffered[0]
    BUFG_PS_X0Y95        BUFG_PS (Prop_BUFG_PS_I_O)
                                                      0.025     0.160 r  u_bd/zynq_imgproc_bd_i/zynq_ultra_ps_e_0/inst/buffer_pl_clk_0.PL_CLK_0_BUFG/O
    X0Y1 (CLOCK_ROOT)    net (fo=29236, routed)       1.706     1.866    u_bd/zynq_imgproc_bd_i/mipi_csi2_rx_subsystem_0/inst/rx/inst/gen_pkt_fifo/pkt_fifo/gnuram_async_fifo.xpm_fifo_base_inst/gen_cdc_pntr.rd_pntr_cdc_inst/src_clk
    SLICE_X21Y28         FDRE                                         r  u_bd/zynq_imgproc_bd_i/mipi_csi2_rx_subsystem_0/inst/rx/inst/gen_pkt_fifo/pkt_fifo/gnuram_async_fifo.xpm_fifo_base_inst/gen_cdc_pntr.rd_pntr_cdc_inst/src_gray_ff_reg[3]/C
  -------------------------------------------------------------------    -------------------
    SLICE_X21Y28         FDRE (Prop_CFF2_SLICEM_C_Q)
                                                      0.059     1.925 r  u_bd/zynq_imgproc_bd_i/mipi_csi2_rx_subsystem_0/inst/rx/inst/gen_pkt_fifo/pkt_fifo/gnuram_async_fifo.xpm_fifo_base_inst/gen_cdc_pntr.rd_pntr_cdc_inst/src_gray_ff_reg[3]/Q
                         net (fo=1, routed)           0.083     2.008    u_bd/zynq_imgproc_bd_i/mipi_csi2_rx_subsystem_0/inst/rx/inst/gen_pkt_fifo/pkt_fifo/gnuram_async_fifo.xpm_fifo_base_inst/gen_cdc_pntr.rd_pntr_cdc_inst/async_path[3]
    SLICE_X22Y28         FDRE                                         r  u_bd/zynq_imgproc_bd_i/mipi_csi2_rx_subsystem_0/inst/rx/inst/gen_pkt_fifo/pkt_fifo/gnuram_async_fifo.xpm_fifo_base_inst/gen_cdc_pntr.rd_pntr_cdc_inst/dest_graysync_ff_reg[0][3]/D
  -------------------------------------------------------------------    -------------------

                         (clock mipi_phy_if_clk_p_FIFO_WRCLK_OUT rise edge)
                                                      0.000     0.000 r  
    W8                                                0.000     0.000 r  mipi_phy_if_clk_p (IN)
                         net (fo=0)                   0.000     0.000    u_bd/zynq_imgproc_bd_i/mipi_csi2_rx_subsystem_0/inst/phy/inst/inst/bd_bf7d_phy_0_rx_support_i/slave_rx.bd_bf7d_phy_0_rx_hssio_i/inst/top_inst/iobuf_top_inst/io_gen[0].ibufds_dphy/I
    HPIOBDIFFINBUF_X0Y48 DPHY_DIFFINBUF (Prop_DPHY_DIFFINBUF_HPIOBDIFFINBUF_I_HSRX_O)
                                                      0.386     0.386 r  u_bd/zynq_imgproc_bd_i/mipi_csi2_rx_subsystem_0/inst/phy/inst/inst/bd_bf7d_phy_0_rx_support_i/slave_rx.bd_bf7d_phy_0_rx_hssio_i/inst/top_inst/iobuf_top_inst/io_gen[0].ibufds_dphy/DIFFINBUF_INST/HSRX_O
                         net (fo=1, routed)           0.050     0.436    u_bd/zynq_imgproc_bd_i/mipi_csi2_rx_subsystem_0/inst/phy/inst/inst/bd_bf7d_phy_0_rx_support_i/slave_rx.bd_bf7d_phy_0_rx_hssio_i/inst/top_inst/iobuf_top_inst/io_gen[0].ibufds_dphy/OUT
    W8                   IBUFCTRL (Prop_IBUFCTRL_HPIOB_M_I_O)
                                                      0.000     0.436 r  u_bd/zynq_imgproc_bd_i/mipi_csi2_rx_subsystem_0/inst/phy/inst/inst/bd_bf7d_phy_0_rx_support_i/slave_rx.bd_bf7d_phy_0_rx_hssio_i/inst/top_inst/iobuf_top_inst/io_gen[0].ibufds_dphy/IBUFCTRL_INST/O
                         net (fo=1, routed)           0.003     0.439    u_bd/zynq_imgproc_bd_i/mipi_csi2_rx_subsystem_0/inst/phy/inst/inst/bd_bf7d_phy_0_rx_support_i/slave_rx.bd_bf7d_phy_0_rx_hssio_i/inst/top_inst/bs_top_inst/u_rx_bs/data_to_bs_out[0]
    BITSLICE_RX_TX_X0Y104
                         RX_BITSLICE (Prop_RX_BITSLICE_BITSLICE_RXTX_RX_DATAIN_RX_BIT_CTRL_OUT[9])
                                                      0.050     0.489 f  u_bd/zynq_imgproc_bd_i/mipi_csi2_rx_subsystem_0/inst/phy/inst/inst/bd_bf7d_phy_0_rx_support_i/slave_rx.bd_bf7d_phy_0_rx_hssio_i/inst/top_inst/bs_top_inst/u_rx_bs/RX_BS[0].rx_bitslice_if_bs/RX_BIT_CTRL_OUT[9]
                         net (fo=1, routed)           0.006     0.495    u_bd/zynq_imgproc_bd_i/mipi_csi2_rx_subsystem_0/inst/phy/inst/inst/bd_bf7d_phy_0_rx_support_i/slave_rx.bd_bf7d_phy_0_rx_hssio_i/inst/top_inst/bs_ctrl_top_inst/rx_bs0_rx_bit_ctrl_out[9]
    BITSLICE_CONTROL_X0Y16
                         BITSLICE_CONTROL (Prop_CONTROL_BITSLICE_CONTROL_RX_BIT_CTRL_IN0[9]_RX_BIT_CTRL_OUT0[20])
                                                      0.670     1.165 r  u_bd/zynq_imgproc_bd_i/mipi_csi2_rx_subsystem_0/inst/phy/inst/inst/bd_bf7d_phy_0_rx_support_i/slave_rx.bd_bf7d_phy_0_rx_hssio_i/inst/top_inst/bs_ctrl_top_inst/BITSLICE_CTRL[0].bs_ctrl_inst/RX_BIT_CTRL_OUT0[20]
                         net (fo=1, routed)           0.013     1.178    u_bd/zynq_imgproc_bd_i/mipi_csi2_rx_subsystem_0/inst/phy/inst/inst/bd_bf7d_phy_0_rx_support_i/slave_rx.bd_bf7d_phy_0_rx_hssio_i/inst/top_inst/bs_top_inst/u_rx_bs/rx_bs0_rx_bit_ctrl_in[20]
    BITSLICE_RX_TX_X0Y104
                         RX_BITSLICE (Prop_RX_BITSLICE_BITSLICE_RXTX_RX_RX_BIT_CTRL_IN[20]_FIFO_WRCLK_OUT)
                                                      0.705     1.883 r  u_bd/zynq_imgproc_bd_i/mipi_csi2_rx_subsystem_0/inst/phy/inst/inst/bd_bf7d_phy_0_rx_support_i/slave_rx.bd_bf7d_phy_0_rx_hssio_i/inst/top_inst/bs_top_inst/u_rx_bs/RX_BS[0].rx_bitslice_if_bs/FIFO_WRCLK_OUT
                         net (fo=1, routed)           1.504     3.387    u_bd/zynq_imgproc_bd_i/mipi_csi2_rx_subsystem_0/inst/phy/inst/inst/bd_bf7d_phy_0_rx_support_i/div4_clk_t
    BUFGCE_X0Y26         BUFGCE (Prop_BUFCE_BUFGCE_I_O)
                                                      0.028     3.415 r  u_bd/zynq_imgproc_bd_i/mipi_csi2_rx_subsystem_0/inst/phy/inst/inst/bd_bf7d_phy_0_rx_support_i/slave_rx.rxbyteclkhs_buf/O
    X1Y1 (CLOCK_ROOT)    net (fo=505, routed)         1.273     4.688    u_bd/zynq_imgproc_bd_i/mipi_csi2_rx_subsystem_0/inst/rx/inst/gen_pkt_fifo/pkt_fifo/gnuram_async_fifo.xpm_fifo_base_inst/gen_cdc_pntr.rd_pntr_cdc_inst/dest_clk
    SLICE_X22Y28         FDRE                                         r  u_bd/zynq_imgproc_bd_i/mipi_csi2_rx_subsystem_0/inst/rx/inst/gen_pkt_fifo/pkt_fifo/gnuram_async_fifo.xpm_fifo_base_inst/gen_cdc_pntr.rd_pntr_cdc_inst/dest_graysync_ff_reg[0][3]/C
                         clock pessimism              0.000     4.688    
    SLICE_X22Y28         FDRE (Hold_GFF2_SLICEL_C_D)
                                                      0.062     4.750    u_bd/zynq_imgproc_bd_i/mipi_csi2_rx_subsystem_0/inst/rx/inst/gen_pkt_fifo/pkt_fifo/gnuram_async_fifo.xpm_fifo_base_inst/gen_cdc_pntr.rd_pntr_cdc_inst/dest_graysync_ff_reg[0][3]
  -------------------------------------------------------------------
                         data arrival                           2.008    
                         clock arrival                          4.750    
  -------------------------------------------------------------------
                         relative delay                        -2.742    



Id: 2
set_bus_skew -from [get_cells [list {u_bd/zynq_imgproc_bd_i/mipi_csi2_rx_subsystem_0/inst/rx/inst/gen_pkt_fifo/pkt_fifo/gnuram_async_fifo.xpm_fifo_base_inst/gen_cdc_pntr.wr_pntr_cdc_inst/src_gray_ff_reg[0]} {u_bd/zynq_imgproc_bd_i/mipi_csi2_rx_subsystem_0/inst/rx/inst/gen_pkt_fifo/pkt_fifo/gnuram_async_fifo.xpm_fifo_base_inst/gen_cdc_pntr.wr_pntr_cdc_inst/src_gray_ff_reg[1]} {u_bd/zynq_imgproc_bd_i/mipi_csi2_rx_subsystem_0/inst/rx/inst/gen_pkt_fifo/pkt_fifo/gnuram_async_fifo.xpm_fifo_base_inst/gen_cdc_pntr.wr_pntr_cdc_inst/src_gray_ff_reg[2]} {u_bd/zynq_imgproc_bd_i/mipi_csi2_rx_subsystem_0/inst/rx/inst/gen_pkt_fifo/pkt_fifo/gnuram_async_fifo.xpm_fifo_base_inst/gen_cdc_pntr.wr_pntr_cdc_inst/src_gray_ff_reg[3]} {u_bd/zynq_imgproc_bd_i/mipi_csi2_rx_subsystem_0/inst/rx/inst/gen_pkt_fifo/pkt_fifo/gnuram_async_fifo.xpm_fifo_base_inst/gen_cdc_pntr.wr_pntr_cdc_inst/src_gray_ff_reg[4]}]] -to [get_cells [list {u_bd/zynq_imgproc_bd_i/mipi_csi2_rx_subsystem_0/inst/rx/inst/gen_pkt_fifo/pkt_fifo/gnuram_async_fifo.xpm_fifo_base_inst/gen_cdc_pntr.wr_pntr_cdc_inst/dest_graysync_ff_reg[0][0]} {u_bd/zynq_imgproc_bd_i/mipi_csi2_rx_subsystem_0/inst/rx/inst/gen_pkt_fifo/pkt_fifo/gnuram_async_fifo.xpm_fifo_base_inst/gen_cdc_pntr.wr_pntr_cdc_inst/dest_graysync_ff_reg[0][1]} {u_bd/zynq_imgproc_bd_i/mipi_csi2_rx_subsystem_0/inst/rx/inst/gen_pkt_fifo/pkt_fifo/gnuram_async_fifo.xpm_fifo_base_inst/gen_cdc_pntr.wr_pntr_cdc_inst/dest_graysync_ff_reg[0][2]} {u_bd/zynq_imgproc_bd_i/mipi_csi2_rx_subsystem_0/inst/rx/inst/gen_pkt_fifo/pkt_fifo/gnuram_async_fifo.xpm_fifo_base_inst/gen_cdc_pntr.wr_pntr_cdc_inst/dest_graysync_ff_reg[0][3]} {u_bd/zynq_imgproc_bd_i/mipi_csi2_rx_subsystem_0/inst/rx/inst/gen_pkt_fifo/pkt_fifo/gnuram_async_fifo.xpm_fifo_base_inst/gen_cdc_pntr.wr_pntr_cdc_inst/dest_graysync_ff_reg[0][4]}]] 6.666
Requirement: 6.666ns
Endpoints: 5

From Clock            To Clock              Endpoint Pin                    Reference Pin                   Corner  Actual(ns)  Slack(ns)
--------------------  --------------------  ------------------------------  ------------------------------  ------  ----------  ---------
mipi_phy_if_clk_p_FIFO_WRCLK_OUT
                      clk_pl_0              u_bd/zynq_imgproc_bd_i/mipi_csi2_rx_subsystem_0/inst/rx/inst/gen_pkt_fifo/pkt_fifo/gnuram_async_fifo.xpm_fifo_base_inst/gen_cdc_pntr.wr_pntr_cdc_inst/dest_graysync_ff_reg[0][4]/D
                                                                            u_bd/zynq_imgproc_bd_i/mipi_csi2_rx_subsystem_0/inst/rx/inst/gen_pkt_fifo/pkt_fifo/gnuram_async_fifo.xpm_fifo_base_inst/gen_cdc_pntr.wr_pntr_cdc_inst/dest_graysync_ff_reg[0][3]/D
                                                                                                            Slow         0.538      6.128


Slack (MET) :             6.128ns  (requirement - actual skew)
  Endpoint Source:        u_bd/zynq_imgproc_bd_i/mipi_csi2_rx_subsystem_0/inst/rx/inst/gen_pkt_fifo/pkt_fifo/gnuram_async_fifo.xpm_fifo_base_inst/gen_cdc_pntr.wr_pntr_cdc_inst/src_gray_ff_reg[4]/C
                            (rising edge-triggered cell FDRE clocked by mipi_phy_if_clk_p_FIFO_WRCLK_OUT)
  Endpoint Destination:   u_bd/zynq_imgproc_bd_i/mipi_csi2_rx_subsystem_0/inst/rx/inst/gen_pkt_fifo/pkt_fifo/gnuram_async_fifo.xpm_fifo_base_inst/gen_cdc_pntr.wr_pntr_cdc_inst/dest_graysync_ff_reg[0][4]/D
                            (rising edge-triggered cell FDRE clocked by clk_pl_0)
  Reference Source:       u_bd/zynq_imgproc_bd_i/mipi_csi2_rx_subsystem_0/inst/rx/inst/gen_pkt_fifo/pkt_fifo/gnuram_async_fifo.xpm_fifo_base_inst/gen_cdc_pntr.wr_pntr_cdc_inst/src_gray_ff_reg[3]/C
                            (rising edge-triggered cell FDRE clocked by mipi_phy_if_clk_p_FIFO_WRCLK_OUT)
  Reference Destination:  u_bd/zynq_imgproc_bd_i/mipi_csi2_rx_subsystem_0/inst/rx/inst/gen_pkt_fifo/pkt_fifo/gnuram_async_fifo.xpm_fifo_base_inst/gen_cdc_pntr.wr_pntr_cdc_inst/dest_graysync_ff_reg[0][3]/D
                            (rising edge-triggered cell FDRE clocked by clk_pl_0)
  Path Type:              Bus Skew (Max at Slow Process Corner)
  Requirement:            6.666ns
  Endpoint Relative Delay:    3.255ns
  Reference Relative Delay:   1.415ns
  Relative CRPR:              1.440ns
  Uncertainty:                0.139ns
  Actual Bus Skew:            0.538ns  (Endpoint Relative Delay - Reference Relative Delay - Relative CRPR + Uncertainty)

Endpoint path:
    Location             Delay type                Incr(ns)  Path(ns)    Netlist Resource(s)
  -------------------------------------------------------------------    -------------------
                         (clock mipi_phy_if_clk_p_FIFO_WRCLK_OUT rise edge)
                                                      0.000     0.000 r  
    W8                                                0.000     0.000 r  mipi_phy_if_clk_p (IN)
                         net (fo=0)                   0.000     0.000    u_bd/zynq_imgproc_bd_i/mipi_csi2_rx_subsystem_0/inst/phy/inst/inst/bd_bf7d_phy_0_rx_support_i/slave_rx.bd_bf7d_phy_0_rx_hssio_i/inst/top_inst/iobuf_top_inst/io_gen[0].ibufds_dphy/I
    HPIOBDIFFINBUF_X0Y48 DPHY_DIFFINBUF (Prop_DPHY_DIFFINBUF_HPIOBDIFFINBUF_I_HSRX_O)
                                                      0.386     0.386 r  u_bd/zynq_imgproc_bd_i/mipi_csi2_rx_subsystem_0/inst/phy/inst/inst/bd_bf7d_phy_0_rx_support_i/slave_rx.bd_bf7d_phy_0_rx_hssio_i/inst/top_inst/iobuf_top_inst/io_gen[0].ibufds_dphy/DIFFINBUF_INST/HSRX_O
                         net (fo=1, routed)           0.050     0.436    u_bd/zynq_imgproc_bd_i/mipi_csi2_rx_subsystem_0/inst/phy/inst/inst/bd_bf7d_phy_0_rx_support_i/slave_rx.bd_bf7d_phy_0_rx_hssio_i/inst/top_inst/iobuf_top_inst/io_gen[0].ibufds_dphy/OUT
    W8                   IBUFCTRL (Prop_IBUFCTRL_HPIOB_M_I_O)
                                                      0.000     0.436 r  u_bd/zynq_imgproc_bd_i/mipi_csi2_rx_subsystem_0/inst/phy/inst/inst/bd_bf7d_phy_0_rx_support_i/slave_rx.bd_bf7d_phy_0_rx_hssio_i/inst/top_inst/iobuf_top_inst/io_gen[0].ibufds_dphy/IBUFCTRL_INST/O
                         net (fo=1, routed)           0.003     0.439    u_bd/zynq_imgproc_bd_i/mipi_csi2_rx_subsystem_0/inst/phy/inst/inst/bd_bf7d_phy_0_rx_support_i/slave_rx.bd_bf7d_phy_0_rx_hssio_i/inst/top_inst/bs_top_inst/u_rx_bs/data_to_bs_out[0]
    BITSLICE_RX_TX_X0Y104
                         RX_BITSLICE (Prop_RX_BITSLICE_BITSLICE_RXTX_RX_DATAIN_RX_BIT_CTRL_OUT[9])
                                                      0.050     0.489 f  u_bd/zynq_imgproc_bd_i/mipi_csi2_rx_subsystem_0/inst/phy/inst/inst/bd_bf7d_phy_0_rx_support_i/slave_rx.bd_bf7d_phy_0_rx_hssio_i/inst/top_inst/bs_top_inst/u_rx_bs/RX_BS[0].rx_bitslice_if_bs/RX_BIT_CTRL_OUT[9]
                         net (fo=1, routed)           0.006     0.495    u_bd/zynq_imgproc_bd_i/mipi_csi2_rx_subsystem_0/inst/phy/inst/inst/bd_bf7d_phy_0_rx_support_i/slave_rx.bd_bf7d_phy_0_rx_hssio_i/inst/top_inst/bs_ctrl_top_inst/rx_bs0_rx_bit_ctrl_out[9]
    BITSLICE_CONTROL_X0Y16
                         BITSLICE_CONTROL (Prop_CONTROL_BITSLICE_CONTROL_RX_BIT_CTRL_IN0[9]_RX_BIT_CTRL_OUT0[20])
                                                      0.670     1.165 r  u_bd/zynq_imgproc_bd_i/mipi_csi2_rx_subsystem_0/inst/phy/inst/inst/bd_bf7d_phy_0_rx_support_i/slave_rx.bd_bf7d_phy_0_rx_hssio_i/inst/top_inst/bs_ctrl_top_inst/BITSLICE_CTRL[0].bs_ctrl_inst/RX_BIT_CTRL_OUT0[20]
                         net (fo=1, routed)           0.013     1.178    u_bd/zynq_imgproc_bd_i/mipi_csi2_rx_subsystem_0/inst/phy/inst/inst/bd_bf7d_phy_0_rx_support_i/slave_rx.bd_bf7d_phy_0_rx_hssio_i/inst/top_inst/bs_top_inst/u_rx_bs/rx_bs0_rx_bit_ctrl_in[20]
    BITSLICE_RX_TX_X0Y104
                         RX_BITSLICE (Prop_RX_BITSLICE_BITSLICE_RXTX_RX_RX_BIT_CTRL_IN[20]_FIFO_WRCLK_OUT)
                                                      0.705     1.883 r  u_bd/zynq_imgproc_bd_i/mipi_csi2_rx_subsystem_0/inst/phy/inst/inst/bd_bf7d_phy_0_rx_support_i/slave_rx.bd_bf7d_phy_0_rx_hssio_i/inst/top_inst/bs_top_inst/u_rx_bs/RX_BS[0].rx_bitslice_if_bs/FIFO_WRCLK_OUT
                         net (fo=1, routed)           1.504     3.387    u_bd/zynq_imgproc_bd_i/mipi_csi2_rx_subsystem_0/inst/phy/inst/inst/bd_bf7d_phy_0_rx_support_i/div4_clk_t
    BUFGCE_X0Y26         BUFGCE (Prop_BUFCE_BUFGCE_I_O)
                                                      0.028     3.415 r  u_bd/zynq_imgproc_bd_i/mipi_csi2_rx_subsystem_0/inst/phy/inst/inst/bd_bf7d_phy_0_rx_support_i/slave_rx.rxbyteclkhs_buf/O
    X1Y1 (CLOCK_ROOT)    net (fo=505, routed)         1.273     4.688    u_bd/zynq_imgproc_bd_i/mipi_csi2_rx_subsystem_0/inst/rx/inst/gen_pkt_fifo/pkt_fifo/gnuram_async_fifo.xpm_fifo_base_inst/gen_cdc_pntr.wr_pntr_cdc_inst/src_clk
    SLICE_X21Y28         FDRE                                         r  u_bd/zynq_imgproc_bd_i/mipi_csi2_rx_subsystem_0/inst/rx/inst/gen_pkt_fifo/pkt_fifo/gnuram_async_fifo.xpm_fifo_base_inst/gen_cdc_pntr.wr_pntr_cdc_inst/src_gray_ff_reg[4]/C
  -------------------------------------------------------------------    -------------------
    SLICE_X21Y28         FDRE (Prop_GFF2_SLICEM_C_Q)
                                                      0.079     4.767 r  u_bd/zynq_imgproc_bd_i/mipi_csi2_rx_subsystem_0/inst/rx/inst/gen_pkt_fifo/pkt_fifo/gnuram_async_fifo.xpm_fifo_base_inst/gen_cdc_pntr.wr_pntr_cdc_inst/src_gray_ff_reg[4]/Q
                         net (fo=1, routed)           0.379     5.146    u_bd/zynq_imgproc_bd_i/mipi_csi2_rx_subsystem_0/inst/rx/inst/gen_pkt_fifo/pkt_fifo/gnuram_async_fifo.xpm_fifo_base_inst/gen_cdc_pntr.wr_pntr_cdc_inst/async_path[4]
    SLICE_X21Y28         FDRE                                         r  u_bd/zynq_imgproc_bd_i/mipi_csi2_rx_subsystem_0/inst/rx/inst/gen_pkt_fifo/pkt_fifo/gnuram_async_fifo.xpm_fifo_base_inst/gen_cdc_pntr.wr_pntr_cdc_inst/dest_graysync_ff_reg[0][4]/D
  -------------------------------------------------------------------    -------------------

                         (clock clk_pl_0 rise edge)
                                                      0.000     0.000 r  
    PS8_X0Y0             PS8                          0.000     0.000 r  u_bd/zynq_imgproc_bd_i/zynq_ultra_ps_e_0/inst/PS8_i/PLCLK[0]
                         net (fo=1, routed)           0.135     0.135    u_bd/zynq_imgproc_bd_i/zynq_ultra_ps_e_0/inst/pl_clk_unbuffered[0]
    BUFG_PS_X0Y95        BUFG_PS (Prop_BUFG_PS_I_O)
                                                      0.025     0.160 r  u_bd/zynq_imgproc_bd_i/zynq_ultra_ps_e_0/inst/buffer_pl_clk_0.PL_CLK_0_BUFG/O
    X0Y1 (CLOCK_ROOT)    net (fo=29236, routed)       1.706     1.866    u_bd/zynq_imgproc_bd_i/mipi_csi2_rx_subsystem_0/inst/rx/inst/gen_pkt_fifo/pkt_fifo/gnuram_async_fifo.xpm_fifo_base_inst/gen_cdc_pntr.wr_pntr_cdc_inst/dest_clk
    SLICE_X21Y28         FDRE                                         r  u_bd/zynq_imgproc_bd_i/mipi_csi2_rx_subsystem_0/inst/rx/inst/gen_pkt_fifo/pkt_fifo/gnuram_async_fifo.xpm_fifo_base_inst/gen_cdc_pntr.wr_pntr_cdc_inst/dest_graysync_ff_reg[0][4]/C
                         clock pessimism              0.000     1.866    
    SLICE_X21Y28         FDRE (Setup_BFF2_SLICEM_C_D)
                                                      0.025     1.891    u_bd/zynq_imgproc_bd_i/mipi_csi2_rx_subsystem_0/inst/rx/inst/gen_pkt_fifo/pkt_fifo/gnuram_async_fifo.xpm_fifo_base_inst/gen_cdc_pntr.wr_pntr_cdc_inst/dest_graysync_ff_reg[0][4]
  -------------------------------------------------------------------
                         data arrival                           5.146    
                         clock arrival                          1.891    
  -------------------------------------------------------------------
                         relative delay                         3.255    

Reference path:
    Location             Delay type                Incr(ns)  Path(ns)    Netlist Resource(s)
  -------------------------------------------------------------------    -------------------
                         (clock mipi_phy_if_clk_p_FIFO_WRCLK_OUT rise edge)
                                                      0.000     0.000 r  
    W8                                                0.000     0.000 r  mipi_phy_if_clk_p (IN)
                         net (fo=0)                   0.000     0.000    u_bd/zynq_imgproc_bd_i/mipi_csi2_rx_subsystem_0/inst/phy/inst/inst/bd_bf7d_phy_0_rx_support_i/slave_rx.bd_bf7d_phy_0_rx_hssio_i/inst/top_inst/iobuf_top_inst/io_gen[0].ibufds_dphy/I
    HPIOBDIFFINBUF_X0Y48 DPHY_DIFFINBUF (Prop_DPHY_DIFFINBUF_HPIOBDIFFINBUF_I_HSRX_O)
                                                      0.305     0.305 r  u_bd/zynq_imgproc_bd_i/mipi_csi2_rx_subsystem_0/inst/phy/inst/inst/bd_bf7d_phy_0_rx_support_i/slave_rx.bd_bf7d_phy_0_rx_hssio_i/inst/top_inst/iobuf_top_inst/io_gen[0].ibufds_dphy/DIFFINBUF_INST/HSRX_O
                         net (fo=1, routed)           0.040     0.345    u_bd/zynq_imgproc_bd_i/mipi_csi2_rx_subsystem_0/inst/phy/inst/inst/bd_bf7d_phy_0_rx_support_i/slave_rx.bd_bf7d_phy_0_rx_hssio_i/inst/top_inst/iobuf_top_inst/io_gen[0].ibufds_dphy/OUT
    W8                   IBUFCTRL (Prop_IBUFCTRL_HPIOB_M_I_O)
                                                      0.000     0.345 r  u_bd/zynq_imgproc_bd_i/mipi_csi2_rx_subsystem_0/inst/phy/inst/inst/bd_bf7d_phy_0_rx_support_i/slave_rx.bd_bf7d_phy_0_rx_hssio_i/inst/top_inst/iobuf_top_inst/io_gen[0].ibufds_dphy/IBUFCTRL_INST/O
                         net (fo=1, routed)           0.000     0.345    u_bd/zynq_imgproc_bd_i/mipi_csi2_rx_subsystem_0/inst/phy/inst/inst/bd_bf7d_phy_0_rx_support_i/slave_rx.bd_bf7d_phy_0_rx_hssio_i/inst/top_inst/bs_top_inst/u_rx_bs/data_to_bs_out[0]
    BITSLICE_RX_TX_X0Y104
                         RX_BITSLICE (Prop_RX_BITSLICE_BITSLICE_RXTX_RX_DATAIN_RX_BIT_CTRL_OUT[9])
                                                      0.025     0.370 f  u_bd/zynq_imgproc_bd_i/mipi_csi2_rx_subsystem_0/inst/phy/inst/inst/bd_bf7d_phy_0_rx_support_i/slave_rx.bd_bf7d_phy_0_rx_hssio_i/inst/top_inst/bs_top_inst/u_rx_bs/RX_BS[0].rx_bitslice_if_bs/RX_BIT_CTRL_OUT[9]
                         net (fo=1, routed)           0.003     0.373    u_bd/zynq_imgproc_bd_i/mipi_csi2_rx_subsystem_0/inst/phy/inst/inst/bd_bf7d_phy_0_rx_support_i/slave_rx.bd_bf7d_phy_0_rx_hssio_i/inst/top_inst/bs_ctrl_top_inst/rx_bs0_rx_bit_ctrl_out[9]
    BITSLICE_CONTROL_X0Y16
                         BITSLICE_CONTROL (Prop_CONTROL_BITSLICE_CONTROL_RX_BIT_CTRL_IN0[9]_RX_BIT_CTRL_OUT0[20])
                                                      0.254     0.627 r  u_bd/zynq_imgproc_bd_i/mipi_csi2_rx_subsystem_0/inst/phy/inst/inst/bd_bf7d_phy_0_rx_support_i/slave_rx.bd_bf7d_phy_0_rx_hssio_i/inst/top_inst/bs_ctrl_top_inst/BITSLICE_CTRL[0].bs_ctrl_inst/RX_BIT_CTRL_OUT0[20]
                         net (fo=1, routed)           0.006     0.633    u_bd/zynq_imgproc_bd_i/mipi_csi2_rx_subsystem_0/inst/phy/inst/inst/bd_bf7d_phy_0_rx_support_i/slave_rx.bd_bf7d_phy_0_rx_hssio_i/inst/top_inst/bs_top_inst/u_rx_bs/rx_bs0_rx_bit_ctrl_in[20]
    BITSLICE_RX_TX_X0Y104
                         RX_BITSLICE (Prop_RX_BITSLICE_BITSLICE_RXTX_RX_RX_BIT_CTRL_IN[20]_FIFO_WRCLK_OUT)
                                                      0.374     1.007 r  u_bd/zynq_imgproc_bd_i/mipi_csi2_rx_subsystem_0/inst/phy/inst/inst/bd_bf7d_phy_0_rx_support_i/slave_rx.bd_bf7d_phy_0_rx_hssio_i/inst/top_inst/bs_top_inst/u_rx_bs/RX_BS[0].rx_bitslice_if_bs/FIFO_WRCLK_OUT
                         net (fo=1, routed)           1.307     2.314    u_bd/zynq_imgproc_bd_i/mipi_csi2_rx_subsystem_0/inst/phy/inst/inst/bd_bf7d_phy_0_rx_support_i/div4_clk_t
    BUFGCE_X0Y26         BUFGCE (Prop_BUFCE_BUFGCE_I_O)
                                                      0.024     2.338 r  u_bd/zynq_imgproc_bd_i/mipi_csi2_rx_subsystem_0/inst/phy/inst/inst/bd_bf7d_phy_0_rx_support_i/slave_rx.rxbyteclkhs_buf/O
    X1Y1 (CLOCK_ROOT)    net (fo=505, routed)         1.100     3.438    u_bd/zynq_imgproc_bd_i/mipi_csi2_rx_subsystem_0/inst/rx/inst/gen_pkt_fifo/pkt_fifo/gnuram_async_fifo.xpm_fifo_base_inst/gen_cdc_pntr.wr_pntr_cdc_inst/src_clk
    SLICE_X21Y26         FDRE                                         r  u_bd/zynq_imgproc_bd_i/mipi_csi2_rx_subsystem_0/inst/rx/inst/gen_pkt_fifo/pkt_fifo/gnuram_async_fifo.xpm_fifo_base_inst/gen_cdc_pntr.wr_pntr_cdc_inst/src_gray_ff_reg[3]/C
  -------------------------------------------------------------------    -------------------
    SLICE_X21Y26         FDRE (Prop_CFF2_SLICEM_C_Q)
                                                      0.059     3.497 r  u_bd/zynq_imgproc_bd_i/mipi_csi2_rx_subsystem_0/inst/rx/inst/gen_pkt_fifo/pkt_fifo/gnuram_async_fifo.xpm_fifo_base_inst/gen_cdc_pntr.wr_pntr_cdc_inst/src_gray_ff_reg[3]/Q
                         net (fo=1, routed)           0.119     3.616    u_bd/zynq_imgproc_bd_i/mipi_csi2_rx_subsystem_0/inst/rx/inst/gen_pkt_fifo/pkt_fifo/gnuram_async_fifo.xpm_fifo_base_inst/gen_cdc_pntr.wr_pntr_cdc_inst/async_path[3]
    SLICE_X21Y26         FDRE                                         r  u_bd/zynq_imgproc_bd_i/mipi_csi2_rx_subsystem_0/inst/rx/inst/gen_pkt_fifo/pkt_fifo/gnuram_async_fifo.xpm_fifo_base_inst/gen_cdc_pntr.wr_pntr_cdc_inst/dest_graysync_ff_reg[0][3]/D
  -------------------------------------------------------------------    -------------------

                         (clock clk_pl_0 rise edge)
                                                      0.000     0.000 r  
    PS8_X0Y0             PS8                          0.000     0.000 r  u_bd/zynq_imgproc_bd_i/zynq_ultra_ps_e_0/inst/PS8_i/PLCLK[0]
                         net (fo=1, routed)           0.171     0.171    u_bd/zynq_imgproc_bd_i/zynq_ultra_ps_e_0/inst/pl_clk_unbuffered[0]
    BUFG_PS_X0Y95        BUFG_PS (Prop_BUFG_PS_I_O)
                                                      0.028     0.199 r  u_bd/zynq_imgproc_bd_i/zynq_ultra_ps_e_0/inst/buffer_pl_clk_0.PL_CLK_0_BUFG/O
    X0Y1 (CLOCK_ROOT)    net (fo=29236, routed)       1.940     2.139    u_bd/zynq_imgproc_bd_i/mipi_csi2_rx_subsystem_0/inst/rx/inst/gen_pkt_fifo/pkt_fifo/gnuram_async_fifo.xpm_fifo_base_inst/gen_cdc_pntr.wr_pntr_cdc_inst/dest_clk
    SLICE_X21Y26         FDRE                                         r  u_bd/zynq_imgproc_bd_i/mipi_csi2_rx_subsystem_0/inst/rx/inst/gen_pkt_fifo/pkt_fifo/gnuram_async_fifo.xpm_fifo_base_inst/gen_cdc_pntr.wr_pntr_cdc_inst/dest_graysync_ff_reg[0][3]/C
                         clock pessimism              0.000     2.139    
    SLICE_X21Y26         FDRE (Hold_GFF2_SLICEM_C_D)
                                                      0.062     2.201    u_bd/zynq_imgproc_bd_i/mipi_csi2_rx_subsystem_0/inst/rx/inst/gen_pkt_fifo/pkt_fifo/gnuram_async_fifo.xpm_fifo_base_inst/gen_cdc_pntr.wr_pntr_cdc_inst/dest_graysync_ff_reg[0][3]
  -------------------------------------------------------------------
                         data arrival                           3.616    
                         clock arrival                          2.201    
  -------------------------------------------------------------------
                         relative delay                         1.415    



