Copyright 1986-2020 Xilinx, Inc. All Rights Reserved.
-------------------------------------------------------------------------------------------------------------------------------
| Tool Version : Vivado v.2020.1 (win64) Build 2902540 Wed May 27 19:54:49 MDT 2020
| Date         : Tue Jun  2 12:54:40 2026
| Host         : DESKTOP-TEFC33U running 64-bit major release  (build 9200)
| Command      : report_utilization -file imgproc_top_ov5640_utilization_synth.rpt -pb imgproc_top_ov5640_utilization_synth.pb
| Design       : imgproc_top_ov5640
| Device       : xczu4evsfvc784-2
| Design State : Synthesized
-------------------------------------------------------------------------------------------------------------------------------

Utilization Design Information

Table of Contents
-----------------
1. CLB Logic
1.1 Summary of Registers by Type
2. BLOCKRAM
3. ARITHMETIC
4. I/O
5. CLOCK
6. ADVANCED
7. CONFIGURATION
8. Primitives
9. Black Boxes
10. Instantiated Netlists

1. CLB Logic
------------

+----------------------------+-------+-------+-----------+-------+
|          Site Type         |  Used | Fixed | Available | Util% |
+----------------------------+-------+-------+-----------+-------+
| CLB LUTs*                  | 19306 |     0 |     87840 | 21.98 |
|   LUT as Logic             |  4953 |     0 |     87840 |  5.64 |
|   LUT as Memory            | 14353 |     0 |     57600 | 24.92 |
|     LUT as Distributed RAM | 14353 |     0 |           |       |
|     LUT as Shift Register  |     0 |     0 |           |       |
| CLB Registers              |  4942 |     0 |    175680 |  2.81 |
|   Register as Flip Flop    |  4942 |     0 |    175680 |  2.81 |
|   Register as Latch        |     0 |     0 |    175680 |  0.00 |
| CARRY8                     |   183 |     0 |     14640 |  1.25 |
| F7 Muxes                   |  6644 |     0 |     58560 | 11.35 |
| F8 Muxes                   |  2994 |     0 |     29280 | 10.23 |
| F9 Muxes                   |    26 |     0 |     14640 |  0.18 |
+----------------------------+-------+-------+-----------+-------+
* Warning! The Final LUT count, after physical optimizations and full implementation, is typically lower. Run opt_design after synthesis, if not already completed, for a more realistic count.


1.1 Summary of Registers by Type
--------------------------------

+-------+--------------+-------------+--------------+
| Total | Clock Enable | Synchronous | Asynchronous |
+-------+--------------+-------------+--------------+
| 0     |            _ |           - |            - |
| 0     |            _ |           - |          Set |
| 0     |            _ |           - |        Reset |
| 0     |            _ |         Set |            - |
| 0     |            _ |       Reset |            - |
| 0     |          Yes |           - |            - |
| 0     |          Yes |           - |          Set |
| 271   |          Yes |           - |        Reset |
| 67    |          Yes |         Set |            - |
| 4604  |          Yes |       Reset |            - |
+-------+--------------+-------------+--------------+


2. BLOCKRAM
-----------

+-------------------+------+-------+-----------+-------+
|     Site Type     | Used | Fixed | Available | Util% |
+-------------------+------+-------+-----------+-------+
| Block RAM Tile    |  4.5 |     0 |       128 |  3.52 |
|   RAMB36/FIFO*    |    4 |     0 |       128 |  3.13 |
|     RAMB36E2 only |    4 |       |           |       |
|   RAMB18          |    1 |     0 |       256 |  0.39 |
|     RAMB18E2 only |    1 |       |           |       |
| URAM              |    0 |     0 |        48 |  0.00 |
+-------------------+------+-------+-----------+-------+
* Note: Each Block RAM Tile only has one FIFO logic available and therefore can accommodate only one FIFO36E2 or one FIFO18E2. However, if a FIFO18E2 occupies a Block RAM Tile, that tile can still accommodate a RAMB18E2


3. ARITHMETIC
-------------

+----------------+------+-------+-----------+-------+
|    Site Type   | Used | Fixed | Available | Util% |
+----------------+------+-------+-----------+-------+
| DSPs           |   33 |     0 |       728 |  4.53 |
|   DSP48E2 only |   33 |       |           |       |
+----------------+------+-------+-----------+-------+


4. I/O
------

+------------+------+-------+-----------+-------+
|  Site Type | Used | Fixed | Available | Util% |
+------------+------+-------+-----------+-------+
| Bonded IOB |   32 |     0 |       252 | 12.70 |
+------------+------+-------+-----------+-------+


5. CLOCK
--------

+----------------------+------+-------+-----------+-------+
|       Site Type      | Used | Fixed | Available | Util% |
+----------------------+------+-------+-----------+-------+
| GLOBAL CLOCK BUFFERs |    0 |     0 |       352 |  0.00 |
|   BUFGCE             |    0 |     0 |       112 |  0.00 |
|   BUFGCE_DIV         |    0 |     0 |        16 |  0.00 |
|   BUFG_GT            |    0 |     0 |        96 |  0.00 |
|   BUFG_PS            |    0 |     0 |        96 |  0.00 |
|   BUFGCTRL*          |    0 |     0 |        32 |  0.00 |
| PLL                  |    0 |     0 |         8 |  0.00 |
| MMCM                 |    0 |     0 |         4 |  0.00 |
+----------------------+------+-------+-----------+-------+
* Note: Each used BUFGCTRL counts as two GLOBAL CLOCK BUFFERs. This table does not include global clocking resources, only buffer cell usage. See the Clock Utilization Report (report_clock_utilization) for detailed accounting of global clocking resource availability.


6. ADVANCED
-----------

+-----------------+------+-------+-----------+-------+
|    Site Type    | Used | Fixed | Available | Util% |
+-----------------+------+-------+-----------+-------+
| GTHE4_CHANNEL   |    0 |     0 |         4 |  0.00 |
| GTHE4_COMMON    |    0 |     0 |         1 |  0.00 |
| OBUFDS_GTE4     |    0 |     0 |         2 |  0.00 |
| OBUFDS_GTE4_ADV |    0 |     0 |         2 |  0.00 |
| PCIE40E4        |    0 |     0 |         2 |  0.00 |
| PS8             |    0 |     0 |         1 |  0.00 |
| SYSMONE4        |    0 |     0 |         1 |  0.00 |
| VCU             |    0 |     0 |         1 |  0.00 |
+-----------------+------+-------+-----------+-------+


7. CONFIGURATION
----------------

+-------------+------+-------+-----------+-------+
|  Site Type  | Used | Fixed | Available | Util% |
+-------------+------+-------+-----------+-------+
| BSCANE2     |    0 |     0 |         4 |  0.00 |
| DNA_PORTE2  |    0 |     0 |         1 |  0.00 |
| EFUSE_USR   |    0 |     0 |         1 |  0.00 |
| FRAME_ECCE4 |    0 |     0 |         1 |  0.00 |
| ICAPE3      |    0 |     0 |         2 |  0.00 |
| MASTER_JTAG |    0 |     0 |         1 |  0.00 |
| STARTUPE3   |    0 |     0 |         1 |  0.00 |
+-------------+------+-------+-----------+-------+


8. Primitives
-------------

+----------+-------+---------------------+
| Ref Name |  Used | Functional Category |
+----------+-------+---------------------+
| RAMD64E  | 13994 |                 CLB |
| MUXF7    |  6644 |                 CLB |
| FDRE     |  4604 |            Register |
| MUXF8    |  2994 |                 CLB |
| LUT6     |  2907 |                 CLB |
| LUT2     |   699 |                 CLB |
| LUT4     |   671 |                 CLB |
| LUT5     |   646 |                 CLB |
| LUT3     |   608 |                 CLB |
| FDCE     |   271 |            Register |
| RAMS64E1 |   208 |                 CLB |
| CARRY8   |   183 |                 CLB |
| RAMS64E  |   116 |                 CLB |
| LUT1     |    68 |                 CLB |
| FDSE     |    67 |            Register |
| RAMS32   |    35 |                 CLB |
| DSP48E2  |    33 |          Arithmetic |
| OBUF     |    30 |                 I/O |
| MUXF9    |    26 |                 CLB |
| RAMB36E2 |     4 |           Block Ram |
| OBUFT    |     2 |                 I/O |
| INBUF    |     2 |                 I/O |
| IBUFCTRL |     2 |              Others |
| RAMB18E2 |     1 |           Block Ram |
+----------+-------+---------------------+


9. Black Boxes
--------------

+--------------------------------------------+------+
|                  Ref Name                  | Used |
+--------------------------------------------+------+
| zynq_imgproc_bd_zynq_ultra_ps_e_0_0        |    1 |
| zynq_imgproc_bd_rst_ps8_0_150m_0           |    1 |
| zynq_imgproc_bd_rst_pclk_0_0               |    1 |
| zynq_imgproc_bd_mipi_csi2_rx_subsystem_0_0 |    1 |
| zynq_imgproc_bd_clk_wiz_mipi_ref_0         |    1 |
| zynq_imgproc_bd_clk_wiz_0_0                |    1 |
| zynq_imgproc_bd_axi_sc_hp2_0               |    1 |
| zynq_imgproc_bd_axi_sc_hp1_0               |    1 |
| zynq_imgproc_bd_axi_sc_hp0_0               |    1 |
| zynq_imgproc_bd_axi_sc_cfg_0               |    1 |
| zynq_imgproc_bd_axi_iic_0_0                |    1 |
| zynq_imgproc_bd_axi_gpio_0_0               |    1 |
| zynq_imgproc_bd_axi_dma_eth_0              |    1 |
+--------------------------------------------+------+


10. Instantiated Netlists
-------------------------

+----------+------+
| Ref Name | Used |
+----------+------+


